Error in $: Could not parse schema `SchemaObject {[foo]: {"bar": Int}}`: Number 1.0