Error in $: Could not parse path 'foo' with schema `SchemaScalar Int`: Bool True