Error in $: Could not parse path 'foo' with schema `SchemaScalar Int`: Array [Object (fromList [("baz",String "a"),("bar",Number 1.0)]),Object (fromList [("baz",String "b"),("bar",Number 2.0)]),Object (fromList [("baz",String "c"),("bar",Number 3.0)]),Object (fromList [(...