Error in $: Could not parse path 'foo' with schema `SchemaList Double`: Bool True