Error in $: Could not parse path 'foo' with schema `SchemaScalar Text`: Number 1.0