Error in $: Could not parse schema `SchemaObject { "foo": Int }`: Number 1.0