Error in $: Could not parse path 'bar' with schema `SchemaScalar Int`: Bool True