Error in $: Could not parse path 'foo' with schema `SchemaUnion ( Int | Text )`: Bool True