 :1:2:
  |
1 |  
  |  ^
unexpected end of input
expecting "[]", '!', '"', '(', '.', '?', '@', '[', '\', lowercase letter, or white space
