 o :1:3:
  |
1 |  o 
  |   ^
unexpected space
expecting "[]", '!', '"', ''', '(', '.', '?', '@', '[', '\', or alphanumeric character
