 { "a:b": Int } :1:6:
  |
1 |  { "a:b": Int } 
  |      ^
unexpected ':'
expecting '"' or '\'
