[There (There (Here "Hello")),Here {"a": 1},There (Here [True,False]),There (There (Here "World!"))]