Branch out of bounds for schema: SchemaUnion ( {"a": Int} | List Bool | Text )