Cannot use `@` operator on schema: SchemaList {"type": Text, "maybeBool": Maybe Bool, "maybeInt": Maybe Int, "maybeNull": Maybe Bool}